
> react-kavia@0.1.0 start
> cross-env EDIT_MODE=true webpack serve --config .ve/webpack.config.js --mode development

<i> [webpack-dev-server] Project is running at:
<i> [webpack-dev-server] Loopback: http://localhost:3000/, http://[::1]:3000/
<i> [webpack-dev-server] On Your Network (IPv4): http://172.17.0.2:3000/
<i> [webpack-dev-server] Content not from webpack is served from './public' directory
Injecting EditorRootWrapper import: ../.ve/EditorRootWrapper
asset bundle.js 1.39 MiB [emitted] (name: main)
asset index.html 1.92 KiB [emitted]
runtime modules 27.5 KiB 14 modules
modules by path ./node_modules/ 1.24 MiB 31 modules
modules by path ./src/ 10.3 KiB
  modules by path ./src/*.css 7.49 KiB 4 modules
  modules by path ./src/*.js 2.76 KiB
    ./src/index.js 530 bytes [built] [code generated]
    ./src/App.js 2.24 KiB [built] [code generated]
modules by path ./.ve/ 15.1 KiB
  modules by path ./.ve/*.js 10.6 KiB 2 modules
  modules by path ./.ve/*.css 2.93 KiB
    ./.ve/EditorOverlay.css 2.25 KiB [built] [code generated]
    ./node_modules/css-loader/dist/cjs.js!./.ve/EditorOverlay.css 697 bytes [built] [code generated]
  ./.ve/EditorOverlay.jsx 1.58 KiB [built] [code generated]
webpack 5.99.9 compiled successfully in 1316 ms
assets by status 1.92 KiB [cached] 1 asset
assets by path *.js 1.4 MiB
  asset bundle.js 1.39 MiB [emitted] (name: main)
  asset main.99eb5df16fcfe9cdfe9a.hot-update.js 4.65 KiB [emitted] [immutable] [hmr] (name: main)
asset main.99eb5df16fcfe9cdfe9a.hot-update.json 28 bytes [emitted] [immutable] [hmr]
Entrypoint main 1.4 MiB = bundle.js 1.39 MiB main.99eb5df16fcfe9cdfe9a.hot-update.js 4.65 KiB
cached modules 1.26 MiB [cached] 41 modules
runtime modules 27.5 KiB 14 modules
./node_modules/css-loader/dist/cjs.js!./src/App.css 2.19 KiB [built] [code generated]
webpack 5.99.9 compiled successfully in 88 ms
assets by status 1.92 KiB [cached] 1 asset
assets by path *.js 1.4 MiB
  asset bundle.js 1.39 MiB [emitted] (name: main)
  asset main.acc52c4f44e5d39b3951.hot-update.js 4.64 KiB [emitted] [immutable] [hmr] (name: main)
asset main.acc52c4f44e5d39b3951.hot-update.json 28 bytes [emitted] [immutable] [hmr]
Entrypoint main 1.4 MiB = bundle.js 1.39 MiB main.acc52c4f44e5d39b3951.hot-update.js 4.64 KiB
cached modules 1.26 MiB [cached] 41 modules
runtime modules 27.5 KiB 14 modules
./node_modules/css-loader/dist/cjs.js!./src/App.css 2.18 KiB [built] [code generated]
webpack 5.99.9 compiled successfully in 36 ms
assets by status 1.92 KiB [cached] 1 asset
assets by path *.js 1.4 MiB
  asset bundle.js 1.39 MiB [emitted] (name: main)
  asset main.66c49b66dd52ed1ebc9f.hot-update.js 4.64 KiB [emitted] [immutable] [hmr] (name: main)
asset main.66c49b66dd52ed1ebc9f.hot-update.json 28 bytes [emitted] [immutable] [hmr]
Entrypoint main 1.4 MiB = bundle.js 1.39 MiB main.66c49b66dd52ed1ebc9f.hot-update.js 4.64 KiB
cached modules 1.26 MiB [cached] 41 modules
runtime modules 27.5 KiB 14 modules
./node_modules/css-loader/dist/cjs.js!./src/App.css 2.18 KiB [built] [code generated]
webpack 5.99.9 compiled successfully in 43 ms
assets by status 1.92 KiB [cached] 1 asset
assets by path *.js 1.4 MiB
  asset bundle.js 1.39 MiB [emitted] (name: main)
  asset main.e581d27f3d24e5587e15.hot-update.js 4.65 KiB [emitted] [immutable] [hmr] (name: main)
asset main.e581d27f3d24e5587e15.hot-update.json 28 bytes [emitted] [immutable] [hmr]
Entrypoint main 1.4 MiB = bundle.js 1.39 MiB main.e581d27f3d24e5587e15.hot-update.js 4.65 KiB
cached modules 1.26 MiB [cached] 41 modules
runtime modules 27.5 KiB 14 modules
./node_modules/css-loader/dist/cjs.js!./src/App.css 2.19 KiB [built] [code generated]
webpack 5.99.9 compiled successfully in 29 ms
assets by status 1.92 KiB [cached] 1 asset
assets by path *.js 1.4 MiB
  asset bundle.js 1.39 MiB [emitted] (name: main)
  asset main.2e8b5cf14c19e522a461.hot-update.js 4.65 KiB [emitted] [immutable] [hmr] (name: main)
asset main.2e8b5cf14c19e522a461.hot-update.json 28 bytes [emitted] [immutable] [hmr]
Entrypoint main 1.4 MiB = bundle.js 1.39 MiB main.2e8b5cf14c19e522a461.hot-update.js 4.65 KiB
cached modules 1.26 MiB [cached] 41 modules
runtime modules 27.5 KiB 14 modules
./node_modules/css-loader/dist/cjs.js!./src/App.css 2.19 KiB [built] [code generated]
webpack 5.99.9 compiled successfully in 29 ms
assets by status 1.92 KiB [cached] 1 asset
assets by path *.js 1.39 MiB
  asset bundle.js 1.39 MiB [emitted] (name: main)
  asset main.76127ef73f73b43204f4.hot-update.js 1.6 KiB [emitted] [immutable] [hmr] (name: main)
asset main.76127ef73f73b43204f4.hot-update.json 28 bytes [emitted] [immutable] [hmr]
Entrypoint main 1.39 MiB = bundle.js 1.39 MiB main.76127ef73f73b43204f4.hot-update.js 1.6 KiB
cached modules 1.26 MiB [cached] 40 modules
runtime modules 27.5 KiB 14 modules
javascript modules 2.26 KiB
  ./src/App.css 2.22 KiB [code generated]
  ./node_modules/css-loader/dist/cjs.js!./src/App.css 39 bytes [built] [code generated] [1 error]

ERROR in ./src/App.css (./node_modules/css-loader/dist/cjs.js!./src/App.css)
Module build failed (from ./node_modules/css-loader/dist/cjs.js):

SyntaxError

(3:3) /home/kavia/workspace/code-generation/emotitrack-ai-59280-f2ab537e/emotitrack_ai_frontend/src/App.css Unknown word

  1 | :root {
  2 |   --base-light: lightgreen;
> 3 |   --base-dark;
    |   ^
  4 |   --text-color: #ffffff;
  5 |   --text-secondary: rgba(255, 255, 255, 0.7);
 @ ./src/App.css 8:6-97 20:17-24 24:7-21 50:25-39 51:36-47 51:50-64 55:6-65:7 56:54-65 56:68-82 62:42-53 62:56-70 64:21-28 75:0-67 75:0-67 76:22-29 76:33-47 76:50-64 53:4-66:5
 @ ./src/App.js 2:0-19
 @ ./src/index.js 5:0-24 11:32-35

webpack 5.99.9 compiled with 1 error in 35 ms
assets by status 1.92 KiB [cached] 1 asset
assets by path *.js 1.4 MiB
  asset bundle.js 1.39 MiB [emitted] (name: main)
  asset main.e012cb5828f02f506a45.hot-update.js 4.64 KiB [emitted] [immutable] [hmr] (name: main)
asset main.e012cb5828f02f506a45.hot-update.json 28 bytes [emitted] [immutable] [hmr]
Entrypoint main 1.4 MiB = bundle.js 1.39 MiB main.e012cb5828f02f506a45.hot-update.js 4.64 KiB
cached modules 1.26 MiB [cached] 40 modules
runtime modules 27.5 KiB 14 modules
javascript modules 4.41 KiB
  ./src/App.css 2.22 KiB [code generated]
  ./node_modules/css-loader/dist/cjs.js!./src/App.css 2.18 KiB [built] [code generated]
webpack 5.99.9 compiled successfully in 35 ms
assets by status 1.92 KiB [cached] 1 asset
assets by path *.js 1.4 MiB
  asset bundle.js 1.39 MiB [emitted] (name: main)
  asset main.673e6e0aff3ec60f5e00.hot-update.js 4.65 KiB [emitted] [immutable] [hmr] (name: main)
asset main.673e6e0aff3ec60f5e00.hot-update.json 28 bytes [emitted] [immutable] [hmr]
Entrypoint main 1.4 MiB = bundle.js 1.39 MiB main.673e6e0aff3ec60f5e00.hot-update.js 4.65 KiB
cached modules 1.26 MiB [cached] 41 modules
runtime modules 27.5 KiB 14 modules
./node_modules/css-loader/dist/cjs.js!./src/App.css 2.19 KiB [built] [code generated]
webpack 5.99.9 compiled successfully in 29 ms
assets by status 1.92 KiB [cached] 1 asset
assets by path *.js 1.4 MiB
  asset bundle.js 1.39 MiB [emitted] (name: main)
  asset main.1879eca9efe5a9be0f83.hot-update.js 4.65 KiB [emitted] [immutable] [hmr] (name: main)
asset main.1879eca9efe5a9be0f83.hot-update.json 28 bytes [emitted] [immutable] [hmr]
Entrypoint main 1.4 MiB = bundle.js 1.39 MiB main.1879eca9efe5a9be0f83.hot-update.js 4.65 KiB
cached modules 1.26 MiB [cached] 41 modules
runtime modules 27.5 KiB 14 modules
./node_modules/css-loader/dist/cjs.js!./src/App.css 2.19 KiB [built] [code generated]
webpack 5.99.9 compiled successfully in 32 ms
assets by status 1.92 KiB [cached] 1 asset
assets by path *.js 1.4 MiB
  asset bundle.js 1.39 MiB [emitted] (name: main)
  asset main.f5d40accd2f0b445ec9f.hot-update.js 4.66 KiB [emitted] [immutable] [hmr] (name: main)
asset main.f5d40accd2f0b445ec9f.hot-update.json 28 bytes [emitted] [immutable] [hmr]
Entrypoint main 1.4 MiB = bundle.js 1.39 MiB main.f5d40accd2f0b445ec9f.hot-update.js 4.66 KiB
cached modules 1.26 MiB [cached] 41 modules
runtime modules 27.5 KiB 14 modules
./node_modules/css-loader/dist/cjs.js!./src/App.css 2.2 KiB [built] [code generated]
webpack 5.99.9 compiled successfully in 31 ms
assets by status 1.92 KiB [cached] 1 asset
assets by path *.js 1.4 MiB
  asset bundle.js 1.39 MiB [emitted] (name: main)
  asset main.afff50d29d2e08befe1b.hot-update.js 4.67 KiB [emitted] [immutable] [hmr] (name: main)
asset main.afff50d29d2e08befe1b.hot-update.json 28 bytes [emitted] [immutable] [hmr]
Entrypoint main 1.4 MiB = bundle.js 1.39 MiB main.afff50d29d2e08befe1b.hot-update.js 4.67 KiB
cached modules 1.26 MiB [cached] 41 modules
runtime modules 27.5 KiB 14 modules
./node_modules/css-loader/dist/cjs.js!./src/App.css 2.21 KiB [built] [code generated]
webpack 5.99.9 compiled successfully in 24 ms
assets by status 1.92 KiB [cached] 1 asset
assets by path *.js 1.4 MiB
  asset bundle.js 1.39 MiB [emitted] (name: main)
  asset main.8279e24957a43ae0e9b9.hot-update.js 4.66 KiB [emitted] [immutable] [hmr] (name: main)
asset main.8279e24957a43ae0e9b9.hot-update.json 28 bytes [emitted] [immutable] [hmr]
Entrypoint main 1.4 MiB = bundle.js 1.39 MiB main.8279e24957a43ae0e9b9.hot-update.js 4.66 KiB
cached modules 1.26 MiB [cached] 41 modules
runtime modules 27.5 KiB 14 modules
./node_modules/css-loader/dist/cjs.js!./src/App.css 2.2 KiB [built] [code generated]
webpack 5.99.9 compiled successfully in 28 ms
assets by status 1.92 KiB [cached] 1 asset
assets by path *.js 1.4 MiB
  asset bundle.js 1.39 MiB [emitted] (name: main)
  asset main.7ae9e521c0dec5db96af.hot-update.js 4.66 KiB [emitted] [immutable] [hmr] (name: main)
asset main.7ae9e521c0dec5db96af.hot-update.json 28 bytes [emitted] [immutable] [hmr]
Entrypoint main 1.4 MiB = bundle.js 1.39 MiB main.7ae9e521c0dec5db96af.hot-update.js 4.66 KiB
cached modules 1.26 MiB [cached] 41 modules
runtime modules 27.5 KiB 14 modules
./node_modules/css-loader/dist/cjs.js!./src/App.css 2.2 KiB [built] [code generated]
webpack 5.99.9 compiled successfully in 27 ms
assets by status 1.92 KiB [cached] 1 asset
assets by path *.js 1.4 MiB
  asset bundle.js 1.39 MiB [emitted] (name: main)
  asset main.548725e40d39c32e6113.hot-update.js 4.67 KiB [emitted] [immutable] [hmr] (name: main)
asset main.548725e40d39c32e6113.hot-update.json 28 bytes [emitted] [immutable] [hmr]
Entrypoint main 1.4 MiB = bundle.js 1.39 MiB main.548725e40d39c32e6113.hot-update.js 4.67 KiB
cached modules 1.26 MiB [cached] 41 modules
runtime modules 27.5 KiB 14 modules
./node_modules/css-loader/dist/cjs.js!./src/App.css 2.21 KiB [built] [code generated]
webpack 5.99.9 compiled successfully in 24 ms
assets by status 1.92 KiB [cached] 1 asset
assets by path *.js 1.4 MiB
  asset bundle.js 1.39 MiB [emitted] (name: main)
  asset main.57ebd8d832271c6acf80.hot-update.js 4.67 KiB [emitted] [immutable] [hmr] (name: main)
asset main.57ebd8d832271c6acf80.hot-update.json 28 bytes [emitted] [immutable] [hmr]
Entrypoint main 1.4 MiB = bundle.js 1.39 MiB main.57ebd8d832271c6acf80.hot-update.js 4.67 KiB
cached modules 1.26 MiB [cached] 41 modules
runtime modules 27.5 KiB 14 modules
./node_modules/css-loader/dist/cjs.js!./src/App.css 2.21 KiB [built] [code generated]
webpack 5.99.9 compiled successfully in 22 ms
assets by status 1.39 MiB [cached] 2 assets
cached modules 1.26 MiB (javascript) 27.5 KiB (runtime) [cached] 55 modules
./node_modules/css-loader/dist/cjs.js!./src/App.css 2.21 KiB [built]
webpack 5.99.9 compiled successfully in 20 ms
assets by status 1.92 KiB [cached] 1 asset
assets by path *.js 1.4 MiB
  asset bundle.js 1.39 MiB [emitted] (name: main)
  asset main.fa988df099e59f8a211b.hot-update.js 4.67 KiB [emitted] [immutable] [hmr] (name: main)
asset main.fa988df099e59f8a211b.hot-update.json 28 bytes [emitted] [immutable] [hmr]
Entrypoint main 1.4 MiB = bundle.js 1.39 MiB main.fa988df099e59f8a211b.hot-update.js 4.67 KiB
cached modules 1.26 MiB [cached] 41 modules
runtime modules 27.5 KiB 14 modules
./node_modules/css-loader/dist/cjs.js!./src/App.css 2.21 KiB [built] [code generated]
webpack 5.99.9 compiled successfully in 28 ms
assets by status 1.92 KiB [cached] 1 asset
assets by path *.js 1.4 MiB
  asset bundle.js 1.39 MiB [emitted] (name: main)
  asset main.9da0450220ad77c2dc60.hot-update.js 4.67 KiB [emitted] [immutable] [hmr] (name: main)
asset main.9da0450220ad77c2dc60.hot-update.json 28 bytes [emitted] [immutable] [hmr]
Entrypoint main 1.4 MiB = bundle.js 1.39 MiB main.9da0450220ad77c2dc60.hot-update.js 4.67 KiB
cached modules 1.26 MiB [cached] 41 modules
runtime modules 27.5 KiB 14 modules
./node_modules/css-loader/dist/cjs.js!./src/App.css 2.21 KiB [built] [code generated]
webpack 5.99.9 compiled successfully in 30 ms
assets by status 1.92 KiB [cached] 1 asset
assets by path *.js 1.4 MiB
  asset bundle.js 1.39 MiB [emitted] (name: main)
  asset main.c1650626f1efb1f2bf9e.hot-update.js 4.67 KiB [emitted] [immutable] [hmr] (name: main)
asset main.c1650626f1efb1f2bf9e.hot-update.json 28 bytes [emitted] [immutable] [hmr]
Entrypoint main 1.4 MiB = bundle.js 1.39 MiB main.c1650626f1efb1f2bf9e.hot-update.js 4.67 KiB
cached modules 1.26 MiB [cached] 41 modules
runtime modules 27.5 KiB 14 modules
./node_modules/css-loader/dist/cjs.js!./src/App.css 2.21 KiB [built] [code generated]
webpack 5.99.9 compiled successfully in 32 ms
assets by status 1.92 KiB [cached] 1 asset
assets by path *.js 1.4 MiB
  asset bundle.js 1.39 MiB [emitted] (name: main)
  asset main.e183d46ac0f9e45ed01f.hot-update.js 4.67 KiB [emitted] [immutable] [hmr] (name: main)
asset main.e183d46ac0f9e45ed01f.hot-update.json 28 bytes [emitted] [immutable] [hmr]
Entrypoint main 1.4 MiB = bundle.js 1.39 MiB main.e183d46ac0f9e45ed01f.hot-update.js 4.67 KiB
cached modules 1.26 MiB [cached] 41 modules
runtime modules 27.5 KiB 14 modules
./node_modules/css-loader/dist/cjs.js!./src/App.css 2.21 KiB [built] [code generated]
webpack 5.99.9 compiled successfully in 31 ms
assets by status 1.92 KiB [cached] 1 asset
assets by path *.js 1.4 MiB
  asset bundle.js 1.39 MiB [emitted] (name: main)
  asset main.3d538c4a09cc5da555bc.hot-update.js 4.67 KiB [emitted] [immutable] [hmr] (name: main)
asset main.3d538c4a09cc5da555bc.hot-update.json 28 bytes [emitted] [immutable] [hmr]
Entrypoint main 1.4 MiB = bundle.js 1.39 MiB main.3d538c4a09cc5da555bc.hot-update.js 4.67 KiB
cached modules 1.26 MiB [cached] 41 modules
runtime modules 27.5 KiB 14 modules
./node_modules/css-loader/dist/cjs.js!./src/App.css 2.21 KiB [built] [code generated]
webpack 5.99.9 compiled successfully in 25 ms
assets by status 1.39 MiB [cached] 2 assets
cached modules 1.26 MiB (javascript) 27.5 KiB (runtime) [cached] 55 modules
./node_modules/css-loader/dist/cjs.js!./src/App.css 2.21 KiB [built]
webpack 5.99.9 compiled successfully in 24 ms
assets by status 1.92 KiB [cached] 1 asset
assets by path *.js 1.4 MiB
  asset bundle.js 1.39 MiB [emitted] (name: main)
  asset main.8456f2ec60ef4705d88c.hot-update.js 5 KiB [emitted] [immutable] [hmr] (name: main)
asset main.8456f2ec60ef4705d88c.hot-update.json 28 bytes [emitted] [immutable] [hmr]
Entrypoint main 1.4 MiB = bundle.js 1.39 MiB main.8456f2ec60ef4705d88c.hot-update.js 5 KiB
cached modules 1.26 MiB [cached] 41 modules
runtime modules 27.5 KiB 14 modules
./src/App.js 2.35 KiB [built] [code generated]
webpack 5.99.9 compiled successfully in 53 ms
assets by status 1.92 KiB [cached] 1 asset
assets by path *.js 1.4 MiB
  asset bundle.js 1.39 MiB [emitted] (name: main)
  asset main.8e596fe106190ce77182.hot-update.js 5.07 KiB [emitted] [immutable] [hmr] (name: main)
asset main.8e596fe106190ce77182.hot-update.json 28 bytes [emitted] [immutable] [hmr]
Entrypoint main 1.4 MiB = bundle.js 1.39 MiB main.8e596fe106190ce77182.hot-update.js 5.07 KiB
cached modules 1.26 MiB [cached] 41 modules
runtime modules 27.5 KiB 14 modules
./src/App.js 2.42 KiB [built] [code generated]
webpack 5.99.9 compiled successfully in 49 ms
assets by status 1.92 KiB [cached] 1 asset
assets by path *.js 1.4 MiB
  asset bundle.js 1.39 MiB [emitted] (name: main)
  asset main.a7378b0367008b755572.hot-update.js 5.13 KiB [emitted] [immutable] [hmr] (name: main)
asset main.a7378b0367008b755572.hot-update.json 28 bytes [emitted] [immutable] [hmr]
Entrypoint main 1.4 MiB = bundle.js 1.39 MiB main.a7378b0367008b755572.hot-update.js 5.13 KiB
cached modules 1.26 MiB [cached] 41 modules
runtime modules 27.5 KiB 14 modules
./src/App.js 2.47 KiB [built] [code generated]
webpack 5.99.9 compiled successfully in 43 ms
assets by status 1.92 KiB [cached] 1 asset
assets by path *.js 1.4 MiB
  asset bundle.js 1.39 MiB [emitted] (name: main)
  asset main.98786a07ee7a7e0eac4e.hot-update.js 5.19 KiB [emitted] [immutable] [hmr] (name: main)
asset main.98786a07ee7a7e0eac4e.hot-update.json 28 bytes [emitted] [immutable] [hmr]
Entrypoint main 1.4 MiB = bundle.js 1.39 MiB main.98786a07ee7a7e0eac4e.hot-update.js 5.19 KiB
cached modules 1.26 MiB [cached] 41 modules
runtime modules 27.5 KiB 14 modules
./src/App.js 2.53 KiB [built] [code generated]
webpack 5.99.9 compiled successfully in 42 ms
assets by status 1.92 KiB [cached] 1 asset
assets by path *.js 1.4 MiB
  asset bundle.js 1.39 MiB [emitted] (name: main)
  asset main.cb868d620a70ed5b72be.hot-update.js 5.15 KiB [emitted] [immutable] [hmr] (name: main)
asset main.cb868d620a70ed5b72be.hot-update.json 28 bytes [emitted] [immutable] [hmr]
Entrypoint main 1.4 MiB = bundle.js 1.39 MiB main.cb868d620a70ed5b72be.hot-update.js 5.15 KiB
cached modules 1.26 MiB [cached] 41 modules
runtime modules 27.5 KiB 14 modules
./src/App.js 2.49 KiB [built] [code generated]
webpack 5.99.9 compiled successfully in 43 ms
assets by status 1.92 KiB [cached] 1 asset
assets by path *.js 1.45 MiB
  asset bundle.js 1.42 MiB [emitted] (name: main)
  asset main.2c4d81b30b6cf2bfa4f5.hot-update.js 30.7 KiB [emitted] [immutable] [hmr] (name: main)
asset main.2c4d81b30b6cf2bfa4f5.hot-update.json 28 bytes [emitted] [immutable] [hmr]
Entrypoint main 1.45 MiB = bundle.js 1.42 MiB main.2c4d81b30b6cf2bfa4f5.hot-update.js 30.7 KiB
cached modules 1.26 MiB [cached] 41 modules
runtime modules 27.5 KiB 14 modules
./src/App.js 21.7 KiB [built] [code generated]
webpack 5.99.9 compiled successfully in 169 ms
assets by status 1.42 MiB [cached] 2 assets
cached modules 1.26 MiB (javascript) 27.5 KiB (runtime) [cached] 55 modules
./src/App.js 21.7 KiB [built]
webpack 5.99.9 compiled successfully in 108 ms
assets by status 1.92 KiB [cached] 1 asset
assets by path *.js 1.43 MiB
  asset bundle.js 1.42 MiB [emitted] (name: main)
  asset main.593d2aee9c63dd720f46.hot-update.js 8.94 KiB [emitted] [immutable] [hmr] (name: main)
asset main.593d2aee9c63dd720f46.hot-update.json 28 bytes [emitted] [immutable] [hmr]
Entrypoint main 1.43 MiB = bundle.js 1.42 MiB main.593d2aee9c63dd720f46.hot-update.js 8.94 KiB
cached modules 1.28 MiB [cached] 41 modules
runtime modules 27.5 KiB 14 modules
./node_modules/css-loader/dist/cjs.js!./src/App.css 6.27 KiB [built] [code generated]
webpack 5.99.9 compiled successfully in 31 ms
